bun : $ next build 
--turbopack
At line:1 char:1
+ bun run build 
2>&1 | Out-File 
-FilePath "build-ou
tput.txt"; 
Get-Conte ...
+ 
~~~~~~~~~~~~~~~~~~
    + CategoryInfo 
             : No  
  tSpecified: ($   
  next build --    
turbopack:Stri    
ng) [], Remote    
Exception
    + FullyQualifi 
   edErrorId : Na  
  tiveCommandErr   
 or
 
   Ôû▓ Next.js 15.5.4 (Turbopack)

   Creating an optimized production build ...
 Ô£ô Finished writing to disk in 444ms
 Ô£ô Compiled successfully in 12.1s
   Linting and checking validity of types ...

Failed to compile.

./src/app/(app)/lif
ecycle/clearing-lat
e-application-loans
/page.tsx
4:48  Warning: 
'FAQPage' is 
defined but never 
used.  @typescript-
eslint/no-unused-va
rs

./src/app/(app)/sit
emaps/page.tsx
9:9  Warning: 
'baseUrl' is 
assigned a value 
but never used.  @t
ypescript-eslint/no
-unused-vars

./src/app/layout.ts
x
27:9  Warning: 
Prefer 
`next/script` 
component when 
using the inline 
script for Google 
Analytics. See: htt
ps://nextjs.org/doc
s/messages/next-scr
ipt-for-ga  @next/n
ext/next-script-for
-ga

./src/components/fo
oter/footer.tsx
66:9  Warning: 
'year' is assigned 
a value but never 
used.  @typescript-
eslint/no-unused-va
rs

./src/modules/calcu
lator/career-progre
ssion-calculator.ts
x
248:26  Warning: 's
etCustomSalaries' 
is assigned a 
value but never 
used.  @typescript-
eslint/no-unused-va
rs

./src/modules/calcu
lator/graduation-ye
ar-impact-calculato
r.tsx
45:11  Warning: 
'gradYear' is 
defined but never 
used.  @typescript-
eslint/no-unused-va
rs

./src/modules/calcu
lator/hmrc-calculat
or/overpayment-slc-
vs-sa-topup.tsx
7:11  Warning: 
'PaymentOption' is 
defined but never 
used.  @typescript-
eslint/no-unused-va
rs
264:9  Warning: 
The 'inputs' 
object makes the 
dependencies of 
useMemo Hook (at 
line 277) change 
on every render. 
Move it inside the 
useMemo callback. 
Alternatively, 
wrap the 
initialization of 
'inputs' in its 
own useMemo() 
Hook.  react-hooks/
exhaustive-deps

./src/modules/calcu
lator/hmrc-calculat
or/p60-p45-student-
loan-reconciliation
.tsx
160:3  Warning: 
'hasPostgraduate' 
is defined but 
never used.  @types
cript-eslint/no-unu
sed-vars
530:41  Warning: 
'index' is defined 
but never used.  @t
ypescript-eslint/no
-unused-vars
747:47  Warning: 
'index' is defined 
but never used.  @t
ypescript-eslint/no
-unused-vars

./src/modules/calcu
lator/hmrc-calculat
or/paye-period-thre
shold-converter.tsx
560:56  Warning: 
'index' is defined 
but never used.  @t
ypescript-eslint/no
-unused-vars
748:71  Warning: 
'index' is defined 
but never used.  @t
ypescript-eslint/no
-unused-vars

./src/modules/calcu
lator/hmrc-calculat
or/sa-unearned-inco
me-student-loan-imp
act.tsx
85:7  Warning: 
'ALLOWANCES' is 
assigned a value 
but never used.  @t
ypescript-eslint/no
-unused-vars

./src/modules/calcu
lator/hmrc-calculat
or/self-assessment-
student-loan-balanc
ing-payment.tsx
15:11  Warning: 
'IncomeSource' is 
defined but never 
used.  @typescript-
eslint/no-unused-va
rs

./src/modules/calcu
lator/new/combined-
ug-pg-repayment-all
ocator.tsx
398:6  Warning: 
React Hook useMemo 
has unnecessary 
dependencies: 
'selectedRegion' 
and 
'selectedUGPlan'. 
Either exclude 
them or remove the 
dependency array.  
react-hooks/exhaust
ive-deps

./src/modules/calcu
lator/student-loan-
income-comparison.t
sx
102:6  Warning: 
React Hook useMemo 
has missing 
dependencies: 
'customSalaries' 
and 
'presetSalaries'. 
Either include 
them or remove the 
dependency array.  
react-hooks/exhaust
ive-deps

./src/modules/compa
re/plan-2-vs-plan-5
.tsx
1:8  Warning: 
'Image' is defined 
but never used.  @t
ypescript-eslint/no
-unused-vars

./src/modules/hero/
components/stay-inf
ormed-section.tsx
55:18  Warning: 
'e' is defined but 
never used.  @types
cript-eslint/no-unu
sed-vars

./src/modules/lifec
ycle/choosing-unive
rsity-loan-impact.t
sx
167:166  Error: 
`'` can be escaped 
with `&apos;`, 
`&lsquo;`, 
`&#39;`, 
`&rsquo;`.  react/n
o-unescaped-entitie
s
215:52  Error: `'` 
can be escaped 
with `&apos;`, 
`&lsquo;`, 
`&#39;`, 
`&rsquo;`.  react/n
o-unescaped-entitie
s
329:264  Error: 
`'` can be escaped 
with `&apos;`, 
`&lsquo;`, 
`&#39;`, 
`&rsquo;`.  react/n
o-unescaped-entitie
s
329:329  Error: 
`'` can be escaped 
with `&apos;`, 
`&lsquo;`, 
`&#39;`, 
`&rsquo;`.  react/n
o-unescaped-entitie
s
435:49  Error: `"` 
can be escaped 
with `&quot;`, 
`&ldquo;`, 
`&#34;`, 
`&rdquo;`.  react/n
o-unescaped-entitie
s
435:73  Error: `"` 
can be escaped 
with `&quot;`, 
`&ldquo;`, 
`&#34;`, 
`&rdquo;`.  react/n
o-unescaped-entitie
s
510:82  Error: `'` 
can be escaped 
with `&apos;`, 
`&lsquo;`, 
`&#39;`, 
`&rsquo;`.  react/n
o-unescaped-entitie
s
518:335  Error: 
`'` can be escaped 
with `&apos;`, 
`&lsquo;`, 
`&#39;`, 
`&rsquo;`.  react/n
o-unescaped-entitie
s
529:37  Error: `'` 
can be escaped 
with `&apos;`, 
`&lsquo;`, 
`&#39;`, 
`&rsquo;`.  react/n
o-unescaped-entitie
s
547:72  Error: `'` 
can be escaped 
with `&apos;`, 
`&lsquo;`, 
`&#39;`, 
`&rsquo;`.  react/n
o-unescaped-entitie
s
590:100  Error: 
`"` can be escaped 
with `&quot;`, 
`&ldquo;`, 
`&#34;`, 
`&rdquo;`.  react/n
o-unescaped-entitie
s
590:105  Error: 
`"` can be escaped 
with `&quot;`, 
`&ldquo;`, 
`&#34;`, 
`&rdquo;`.  react/n
o-unescaped-entitie
s

./src/modules/lifec
ycle/clearing-late-
application-loans.t
sx
77:101  Error: `'` 
can be escaped 
with `&apos;`, 
`&lsquo;`, 
`&#39;`, 
`&rsquo;`.  react/n
o-unescaped-entitie
s
187:124  Error: 
`'` can be escaped 
with `&apos;`, 
`&lsquo;`, 
`&#39;`, 
`&rsquo;`.  react/n
o-unescaped-entitie
s
224:117  Error: 
`'` can be escaped 
with `&apos;`, 
`&lsquo;`, 
`&#39;`, 
`&rsquo;`.  react/n
o-unescaped-entitie
s
245:94  Error: `'` 
can be escaped 
with `&apos;`, 
`&lsquo;`, 
`&#39;`, 
`&rsquo;`.  react/n
o-unescaped-entitie
s

./src/modules/lifec
ycle/foundation-yea
r-loan-costs.tsx
96:79  Error: `'` 
can be escaped 
with `&apos;`, 
`&lsquo;`, 
`&#39;`, 
`&rsquo;`.  react/n
o-unescaped-entitie
s
132:191  Error: 
`'` can be escaped 
with `&apos;`, 
`&lsquo;`, 
`&#39;`, 
`&rsquo;`.  react/n
o-unescaped-entitie
s
143:56  Error: `'` 
can be escaped 
with `&apos;`, 
`&lsquo;`, 
`&#39;`, 
`&rsquo;`.  react/n
o-unescaped-entitie
s
150:56  Error: `'` 
can be escaped 
with `&apos;`, 
`&lsquo;`, 
`&#39;`, 
`&rsquo;`.  react/n
o-unescaped-entitie
s
185:84  Error: `"` 
can be escaped 
with `&quot;`, 
`&ldquo;`, 
`&#34;`, 
`&rdquo;`.  react/n
o-unescaped-entitie
s
185:91  Error: `"` 
can be escaped 
with `&quot;`, 
`&ldquo;`, 
`&#34;`, 
`&rdquo;`.  react/n
o-unescaped-entitie
s
185:216  Error: 
`'` can be escaped 
with `&apos;`, 
`&lsquo;`, 
`&#39;`, 
`&rsquo;`.  react/n
o-unescaped-entitie
s
187:79  Error: `"` 
can be escaped 
with `&quot;`, 
`&ldquo;`, 
`&#34;`, 
`&rdquo;`.  react/n
o-unescaped-entitie
s
187:81  Error: `'` 
can be escaped 
with `&apos;`, 
`&lsquo;`, 
`&#39;`, 
`&rsquo;`.  react/n
o-unescaped-entitie
s
187:138  Error: 
`"` can be escaped 
with `&quot;`, 
`&ldquo;`, 
`&#34;`, 
`&rdquo;`.  react/n
o-unescaped-entitie
s
242:75  Error: `"` 
can be escaped 
with `&quot;`, 
`&ldquo;`, 
`&#34;`, 
`&rdquo;`.  react/n
o-unescaped-entitie
s
242:88  Error: `"` 
can be escaped 
with `&quot;`, 
`&ldquo;`, 
`&#34;`, 
`&rdquo;`.  react/n
o-unescaped-entitie
s
255:36  Error: `'` 
can be escaped 
with `&apos;`, 
`&lsquo;`, 
`&#39;`, 
`&rsquo;`.  react/n
o-unescaped-entitie
s
320:295  Error: 
`'` can be escaped 
with `&apos;`, 
`&lsquo;`, 
`&#39;`, 
`&rsquo;`.  react/n
o-unescaped-entitie
s
330:119  Error: 
`'` can be escaped 
with `&apos;`, 
`&lsquo;`, 
`&#39;`, 
`&rsquo;`.  react/n
o-unescaped-entitie
s

./src/modules/lifec
ycle/gap-year-loan-
implications.tsx
138:47  Error: `'` 
can be escaped 
with `&apos;`, 
`&lsquo;`, 
`&#39;`, 
`&rsquo;`.  react/n
o-unescaped-entitie
s
139:47  Error: `'` 
can be escaped 
with `&apos;`, 
`&lsquo;`, 
`&#39;`, 
`&rsquo;`.  react/n
o-unescaped-entitie
s
179:217  Error: 
`'` can be escaped 
with `&apos;`, 
`&lsquo;`, 
`&#39;`, 
`&rsquo;`.  react/n
o-unescaped-entitie
s
182:58  Error: `"` 
can be escaped 
with `&quot;`, 
`&ldquo;`, 
`&#34;`, 
`&rdquo;`.  react/n
o-unescaped-entitie
s
182:75  Error: `"` 
can be escaped 
with `&quot;`, 
`&ldquo;`, 
`&#34;`, 
`&rdquo;`.  react/n
o-unescaped-entitie
s
185:113  Error: 
`"` can be escaped 
with `&quot;`, 
`&ldquo;`, 
`&#34;`, 
`&rdquo;`.  react/n
o-unescaped-entitie
s
185:125  Error: 
`"` can be escaped 
with `&quot;`, 
`&ldquo;`, 
`&#34;`, 
`&rdquo;`.  react/n
o-unescaped-entitie
s
238:230  Error: 
`'` can be escaped 
with `&apos;`, 
`&lsquo;`, 
`&#39;`, 
`&rsquo;`.  react/n
o-unescaped-entitie
s
300:80  Error: `"` 
can be escaped 
with `&quot;`, 
`&ldquo;`, 
`&#34;`, 
`&rdquo;`.  react/n
o-unescaped-entitie
s
300:109  Error: 
`"` can be escaped 
with `&quot;`, 
`&ldquo;`, 
`&#34;`, 
`&rdquo;`.  react/n
o-unescaped-entitie
s
308:37  Error: `'` 
can be escaped 
with `&apos;`, 
`&lsquo;`, 
`&#39;`, 
`&rsquo;`.  react/n
o-unescaped-entitie
s
319:48  Error: `'` 
can be escaped 
with `&apos;`, 
`&lsquo;`, 
`&#39;`, 
`&rsquo;`.  react/n
o-unescaped-entitie
s
327:48  Error: `'` 
can be escaped 
with `&apos;`, 
`&lsquo;`, 
`&#39;`, 
`&rsquo;`.  react/n
o-unescaped-entitie
s
335:57  Error: `"` 
can be escaped 
with `&quot;`, 
`&ldquo;`, 
`&#34;`, 
`&rdquo;`.  react/n
o-unescaped-entitie
s
335:67  Error: `"` 
can be escaped 
with `&quot;`, 
`&ldquo;`, 
`&#34;`, 
`&rdquo;`.  react/n
o-unescaped-entitie
s

./src/modules/lifec
ycle/maintenance-lo
an-estimator-by-cit
y.tsx
44:357  Error: `'` 
can be escaped 
with `&apos;`, 
`&lsquo;`, 
`&#39;`, 
`&rsquo;`.  react/n
o-unescaped-entitie
s
54:85  Error: `'` 
can be escaped 
with `&apos;`, 
`&lsquo;`, 
`&#39;`, 
`&rsquo;`.  react/n
o-unescaped-entitie
s
159:60  Error: `"` 
can be escaped 
with `&quot;`, 
`&ldquo;`, 
`&#34;`, 
`&rdquo;`.  react/n
o-unescaped-entitie
s
159:72  Error: `"` 
can be escaped 
with `&quot;`, 
`&ldquo;`, 
`&#34;`, 
`&rdquo;`.  react/n
o-unescaped-entitie
s
211:73  Error: `'` 
can be escaped 
with `&apos;`, 
`&lsquo;`, 
`&#39;`, 
`&rsquo;`.  react/n
o-unescaped-entitie
s
264:82  Error: `'` 
can be escaped 
with `&apos;`, 
`&lsquo;`, 
`&#39;`, 
`&rsquo;`.  react/n
o-unescaped-entitie
s

./src/modules/lifec
ycle/unemployment-l
oan-accumulation.ts
x
42:251  Error: `'` 
can be escaped 
with `&apos;`, 
`&lsquo;`, 
`&#39;`, 
`&rsquo;`.  react/n
o-unescaped-entitie
s
56:303  Error: `'` 
can be escaped 
with `&apos;`, 
`&lsquo;`, 
`&#39;`, 
`&rsquo;`.  react/n
o-unescaped-entitie
s

info  - Need to 
disable some 
ESLint rules? 
Learn more here: ht
tps://nextjs.org/do
cs/app/api-referenc
e/config/eslint#dis
abling-rules
error: script 
"build" exited 
with code 1
